["```\nkernel: FreeBSD 6.2-RELEASE-p11 #0: Wed Mar 12 18:17:49 CET 2008 \n\n```", "```\nkernel: CPU: Intel(R) Xeon(TM) CPU 1.70GHz (1680.52-MHz 686-class CPU) \n\n```", "```\nkernel: FreeBSD/SMP: Multiprocessor System Detected: 2 CPUs \n\n```", "```\nApr 1 11:06:00 kernel: real memory = 268435456 (256 MB)\nApr 1 11:06:00 kernel: avail memory = 252907520 (241 MB) \n\n```", "```\nkernel: atapci0: <Intel PIIX4 UDMA33 controller> port 0x1f0-0x1f7,0x3f6,0x170-0x177,0x376,0x1050-0x105f at device 7.1 on pci0\nkernel: ata0: <ATA channel 0> on atapci0\nkernel: ata1: <ATA channel 1> on atapci0 \n\n```", "```\nkernel: atapci1: <SiS 181 SATA150 controller> irq 17 at device 5.0 on pci0\nkernel: ata2: <ATA channel 0> on atapci1\nkernel: ata3: <ATA channel 1> on atapci1 \n\n```", "```\nkernel: mpt0: <LSILogic 1030 Ultra4 Adapter> irq 17 at device 16.0 on pci0 \n\n```", "```\nkernel: ad0: 476940MB <WDC WD5000AAJB-00YRA0 12.01C02> at ata0-master UDMA100\nkernel: ad4: 476940MB <Seagate ST3500320AS SD04> at ata2-master SATA150 \n\n```", "```\nacd0: CDROM <TOSHIBA CD-ROM XM-7002B/1005> at ata1 as master UDMA33 \n\n```", "```\nkernel: da0 at ahd0 bus 0 target 0 lun 0\nkernel: da0: <MAXTOR ATLAS10K4_73WLS DFL0> Fixed Direct Access SCSI-3 device\nkernel: da0: 320.000MB/s transfers (160.000MHz, offset 127, 16bit), Tagged Queueing Enabled\nkernel: da0: 70149MB (143666192 512 byte sectors: 255H 63S/T 8942C) \n\n```", "```\nkernel: da0 at umass-sim0 bus 0 target 0 lun 0\nkernel: da0: <Verbatim Store 'n' Go 1.30> Removable Direct Access SCSI-2 device\nkernel: da0: 40.000MB/s transfers\nkernel: da0: 963MB (1974271 512 byte sectors: 64H 32S/T 963C) \n\n```", "```\nkernel: lnc0: <PCNet/PCI Ethernet adapter> irq 18 at device 17.0 on pci0\nkernel: lnc0: Ethernet address: 00:0c:29:a5:9a:28 \n\n```", "```\nkernel: ahd0: <Adaptec 39320 Ultra320 SCSI adapter> irq 11 at device 1.0 on pci2 \n\n```", "```\nping 192.168.1.250 \n\n```", "```\nPING 192.168.1.110 (192.168.1.110): 56 data bytes\n64 bytes from 192.168.1.110: icmp_seq=0 ttl=64 time=1.148 ms\n64 bytes from 192.168.1.110: icmp_seq=1 ttl=64 time=0.697 ms\n64 bytes from 192.168.1.110: icmp_seq=2 ttl=64 time=0.638 ms\n--- 192.168.1.110 ping statistics ---\n3 packets transmitted, 3 packets received, 0% packet loss\nround-trip min/avg/max/stddev = 0.638/0.828/1.148/0.228 ms \n\n```", "```\nPING 192.168.1.100 (192.168.1.100): 56 data bytes\n--- 192.168.1.100 ping statistics ---\n3 packets transmitted, 0 packets received, 100% packet loss \n\n```"]